// Jest Snapshot v1, https://goo.gl/fbAQLP

exports[`renders correctly 1`] = `
<div
  className="app"
>
  <Header />
  <div
    className="app__content"
  >
    <Users
      users={
        Array [
          Object {
            "id": "GUUID-1",
            "lastName": "Doe",
            "name": "John",
            "phone": "0777665544",
          },
          Object {
            "id": "GUUID-2",
            "lastName": "Donald",
            "name": "Johnathan",
            "phone": "0777665543",
          },
        ]
      }
    />
  </div>
  <Footer />
</div>
`;
